Analyzing money_memo...                                         

   info - Don't invoke 'print' in production code - fix_const.dart:52:5 - avoid_print
   info - Constructors in '@immutable' classes should be declared as 'const' - lib\app_state.dart:27:3 - prefer_const_constructors_in_immutables
   info - Don't use 'BuildContext's across async gaps, guarded by an unrelated 'mounted' check - lib\pages\input_page.dart:157:45 - use_build_context_synchronously
   info - Don't use 'BuildContext's across async gaps, guarded by an unrelated 'mounted' check - lib\pages\input_page.dart:164:21 - use_build_context_synchronously
   info - 'withOpacity' is deprecated and shouldn't be used. Use .withValues() to avoid precision loss - lib\pages\input_page.dart:509:61 - deprecated_member_use
   info - 'withOpacity' is deprecated and shouldn't be used. Use .withValues() to avoid precision loss - lib\pages\input_page.dart:543:61 - deprecated_member_use
   info - 'withOpacity' is deprecated and shouldn't be used. Use .withValues() to avoid precision loss - lib\pages\main_page.dart:346:51 - deprecated_member_use
   info - 'withOpacity' is deprecated and shouldn't be used. Use .withValues() to avoid precision loss - lib\pages\main_page.dart:571:67 - deprecated_member_use
  error - Invalid constant value - lib\pages\period_page.dart:112:47 - invalid_constant
   info - 'Share' is deprecated and shouldn't be used. Use SharePlus instead - lib\pages\period_page.dart:555:11 - deprecated_member_use
   info - 'share' is deprecated and shouldn't be used. Use SharePlus.instance.share() instead - lib\pages\period_page.dart:555:17 - deprecated_member_use
  error - Undefined name 'settingsBox' - lib\pages\settings_page.dart:74:13 - undefined_identifier
   info - 'withOpacity' is deprecated and shouldn't be used. Use .withValues() to avoid precision loss - lib\pages\settings_page.dart:120:74 - deprecated_member_use
  error - Invalid constant value - lib\pages\settings_page.dart:124:55 - invalid_constant
  error - Invalid constant value - lib\pages\settings_page.dart:162:51 - invalid_constant
  error - Invalid constant value - lib\pages\settings_page.dart:192:51 - invalid_constant
   info - 'withOpacity' is deprecated and shouldn't be used. Use .withValues() to avoid precision loss - lib\pages\settings_page.dart:293:53 - deprecated_member_use
   info - 'withOpacity' is deprecated and shouldn't be used. Use .withValues() to avoid precision loss - lib\widgets\milestone_dialog.dart:153:39 - deprecated_member_use
warning - This default clause is covered by the previous cases - lib\widgets\milestone_dialog.dart:258:7 - unreachable_switch_default
  error - Undefined name 'context' - lib\widgets\money_entry_card.dart:24:16 - undefined_identifier
  error - Undefined name 'context' - lib\widgets\money_entry_card.dart:26:16 - undefined_identifier
  error - Undefined name 'context' - lib\widgets\money_entry_card.dart:28:16 - undefined_identifier
  error - Undefined name 'context' - lib\widgets\money_entry_card.dart:38:16 - undefined_identifier
  error - Undefined name 'context' - lib\widgets\money_entry_card.dart:40:16 - undefined_identifier
  error - Undefined name 'context' - lib\widgets\money_entry_card.dart:43:16 - undefined_identifier
  error - Undefined name 'context' - lib\widgets\money_entry_card.dart:45:16 - undefined_identifier
  error - Undefined name 'context' - lib\widgets\money_entry_card.dart:53:16 - undefined_identifier
  error - Undefined name 'context' - lib\widgets\money_entry_card.dart:55:16 - undefined_identifier
   info - 'withOpacity' is deprecated and shouldn't be used. Use .withValues() to avoid precision loss - lib\widgets\money_entry_card.dart:85:41 - deprecated_member_use

